// Jest Snapshot v1, https://goo.gl/fbAQLP

exports[`Home test Home component is displayed on the HTML 1`] = `
<div
  class="home-wrapper"
  title="home-wrapper"
>
  <h1
    class="home-title"
  >
    Welcome to our page!
  </h1>
  <p
    class="home-paragraph"
  >
    Lorem ipsum dolor, sit amet consectetur adipisicing elit. Exercitationem suscipit assumenda autem ab blanditiis error harum? Temporibus culpa tempora, repellat sapiente ullam nulla. Culpa distinctio nobis voluptatibus nostrum expedita soluta. Lorem ipsum dolor, sit amet consectetur adipisicing elit. Exercitationem suscipit assumenda autem ab blanditiis error harum? Temporibus culpa tempora, repellat sapiente ullam nulla. Culpa distinctio nobis voluptatibus nostrum expedita soluta. Lorem ipsum dolor, sit amet consectetur adipisicing elit. Exercitationem suscipit assumenda autem ab blanditiis error harum? Temporibus culpa tempora, repellat sapiente ullam nulla. Culpa distinctio nobis voluptatibus nostrum expedita soluta.
  </p>
  <p
    class="home-paragraph"
  >
    Lorem ipsum dolor, sit amet consectetur adipisicing elit. Exercitationem suscipit assumenda autem ab blanditiis error harum? Temporibus culpa tempora, repellat sapiente ullam nulla. Culpa distinctio nobis voluptatibus nostrum expedita soluta. Lorem ipsum dolor, sit amet consectetur adipisicing elit. Exercitationem suscipit assumenda autem ab blanditiis error harum? Temporibus culpa tempora, repellat sapiente ullam nulla. Culpa distinctio nobis voluptatibus nostrum expedita soluta. Lorem ipsum dolor, sit amet consectetur adipisicing elit. Exercitationem suscipit assumenda autem ab blanditiis error harum? Temporibus culpa tempora, repellat sapiente ullam nulla. Culpa distinctio nobis voluptatibus nostrum expedita soluta.
  </p>
</div>
`;
