// Jest Snapshot v1, https://goo.gl/fbAQLP

exports[`Website test Website component is displayed 1`] = `
<header
  class="header-website"
  title="header-website"
>
  <h2>
    Math Magicians
  </h2>
  <nav>
    <ul>
      <li>
        <a
          href="/"
        >
          Home
        </a>
      </li>
      <li>
        <a
          href="calculator"
        >
          Calculator
        </a>
      </li>
      <li>
        <a
          href="quote"
        >
          Quote
        </a>
      </li>
    </ul>
  </nav>
</header>
`;
